// Jest Snapshot v1, https://goo.gl/fbAQLP

exports[`Fulfill mappings for: react-router@4.1.1 should fulfill exports for "react-router/es/index" 1`] = `
Object {
  "exports": Object {
    "MemoryRouter": Object {
      "exported": "MemoryRouter",
      "local": "default",
      "source": "react-router/es/MemoryRouter",
    },
    "Prompt": Object {
      "exported": "Prompt",
      "local": "default",
      "source": "react-router/es/Prompt",
    },
    "Redirect": Object {
      "exported": "Redirect",
      "local": "default",
      "source": "react-router/es/Redirect",
    },
    "Route": Object {
      "exported": "Route",
      "local": "default",
      "source": "react-router/es/Route",
    },
    "Router": Object {
      "exported": "Router",
      "local": "default",
      "source": "react-router/es/Router",
    },
    "StaticRouter": Object {
      "exported": "StaticRouter",
      "local": "default",
      "source": "react-router/es/StaticRouter",
    },
    "Switch": Object {
      "exported": "Switch",
      "local": "default",
      "source": "react-router/es/Switch",
    },
    "matchPath": Object {
      "exported": "matchPath",
      "local": "default",
      "source": "react-router/es/matchPath",
    },
    "withRouter": Object {
      "exported": "withRouter",
      "local": "default",
      "source": "react-router/es/withRouter",
    },
  },
  "indexFile": "react-router/es/index",
  "name": "react-router",
}
`;
