// Jest Snapshot v1, https://goo.gl/fbAQLP

exports[`Fulfill mappings for: react-virtualized@9.8.0 should fulfill exports for "react-virtualized/dist/es/index" 1`] = `
Object {
  "exports": Object {
    "ArrowKeyStepper": Object {
      "exported": "ArrowKeyStepper",
      "local": "ArrowKeyStepper",
      "source": "react-virtualized/dist/es/ArrowKeyStepper",
    },
    "AutoSizer": Object {
      "exported": "AutoSizer",
      "local": "AutoSizer",
      "source": "react-virtualized/dist/es/AutoSizer",
    },
    "CellMeasurer": Object {
      "exported": "CellMeasurer",
      "local": "CellMeasurer",
      "source": "react-virtualized/dist/es/CellMeasurer",
    },
    "CellMeasurerCache": Object {
      "exported": "CellMeasurerCache",
      "local": "CellMeasurerCache",
      "source": "react-virtualized/dist/es/CellMeasurer",
    },
    "Collection": Object {
      "exported": "Collection",
      "local": "Collection",
      "source": "react-virtualized/dist/es/Collection",
    },
    "Column": Object {
      "exported": "Column",
      "local": "Column",
      "source": "react-virtualized/dist/es/Table",
    },
    "ColumnSizer": Object {
      "exported": "ColumnSizer",
      "local": "ColumnSizer",
      "source": "react-virtualized/dist/es/ColumnSizer",
    },
    "Grid": Object {
      "exported": "Grid",
      "local": "Grid",
      "source": "react-virtualized/dist/es/Grid",
    },
    "InfiniteLoader": Object {
      "exported": "InfiniteLoader",
      "local": "InfiniteLoader",
      "source": "react-virtualized/dist/es/InfiniteLoader",
    },
    "List": Object {
      "exported": "List",
      "local": "List",
      "source": "react-virtualized/dist/es/List",
    },
    "Masonry": Object {
      "exported": "Masonry",
      "local": "Masonry",
      "source": "react-virtualized/dist/es/Masonry",
    },
    "MultiGrid": Object {
      "exported": "MultiGrid",
      "local": "MultiGrid",
      "source": "react-virtualized/dist/es/MultiGrid",
    },
    "ScrollSync": Object {
      "exported": "ScrollSync",
      "local": "ScrollSync",
      "source": "react-virtualized/dist/es/ScrollSync",
    },
    "SortDirection": Object {
      "exported": "SortDirection",
      "local": "SortDirection",
      "source": "react-virtualized/dist/es/Table",
    },
    "SortIndicator": Object {
      "exported": "SortIndicator",
      "local": "SortIndicator",
      "source": "react-virtualized/dist/es/Table",
    },
    "Table": Object {
      "exported": "Table",
      "local": "Table",
      "source": "react-virtualized/dist/es/Table",
    },
    "WindowScroller": Object {
      "exported": "WindowScroller",
      "local": "WindowScroller",
      "source": "react-virtualized/dist/es/WindowScroller",
    },
    "accessibilityOverscanIndicesGetter": Object {
      "exported": "accessibilityOverscanIndicesGetter",
      "local": "accessibilityOverscanIndicesGetter",
      "source": "react-virtualized/dist/es/Grid",
    },
    "createMasonryCellPositioner": Object {
      "exported": "createMasonryCellPositioner",
      "local": "createCellPositioner",
      "source": "react-virtualized/dist/es/Masonry",
    },
    "defaultCellRangeRenderer": Object {
      "exported": "defaultCellRangeRenderer",
      "local": "defaultCellRangeRenderer",
      "source": "react-virtualized/dist/es/Grid",
    },
    "defaultOverscanIndicesGetter": Object {
      "exported": "defaultOverscanIndicesGetter",
      "local": "defaultOverscanIndicesGetter",
      "source": "react-virtualized/dist/es/Grid",
    },
    "defaultTableCellDataGetter": Object {
      "exported": "defaultTableCellDataGetter",
      "local": "defaultCellDataGetter",
      "source": "react-virtualized/dist/es/Table",
    },
    "defaultTableCellRenderer": Object {
      "exported": "defaultTableCellRenderer",
      "local": "defaultCellRenderer",
      "source": "react-virtualized/dist/es/Table",
    },
    "defaultTableHeaderRenderer": Object {
      "exported": "defaultTableHeaderRenderer",
      "local": "defaultHeaderRenderer",
      "source": "react-virtualized/dist/es/Table",
    },
    "defaultTableHeaderRowRenderer": Object {
      "exported": "defaultTableHeaderRowRenderer",
      "local": "defaultHeaderRowRenderer",
      "source": "react-virtualized/dist/es/Table",
    },
    "defaultTableRowRenderer": Object {
      "exported": "defaultTableRowRenderer",
      "local": "defaultRowRenderer",
      "source": "react-virtualized/dist/es/Table",
    },
  },
  "indexFile": "react-virtualized/dist/es/index",
  "name": "react-virtualized",
}
`;
