// Jest Snapshot v1, https://goo.gl/fbAQLP

exports[`Transform: react-virtualized@9.8.0 should transform with: "each-module.js" 1`] = `
import {
  accessibilityOverscanIndicesGetter,
  ArrowKeyStepper,
  AutoSizer,
  CellMeasurer,
  CellMeasurerCache,
  Collection,
  Column,
  ColumnSizer,
  defaultCellRangeRenderer,
  defaultOverscanIndicesGetter,
  Grid,
  InfiniteLoader,
  List,
  Masonry,
  MultiGrid,
  ScrollSync,
  SortDirection,
  SortIndicator,
  Table,
  WindowScroller,
} from "react-virtualized";
~~~~~~~~~~~~~~~~~~~~~~~~~~~~~~~~~~~~~~~~~~~~~~~~~~~~~~~~~~~~~~~~~~~~~~~~~~~~~~~~
import { accessibilityOverscanIndicesGetter } from "react-virtualized/dist/es/Grid";
import { ArrowKeyStepper } from "react-virtualized/dist/es/ArrowKeyStepper";
import { AutoSizer } from "react-virtualized/dist/es/AutoSizer";
import { CellMeasurer } from "react-virtualized/dist/es/CellMeasurer";
import { CellMeasurerCache } from "react-virtualized/dist/es/CellMeasurer";
import { Collection } from "react-virtualized/dist/es/Collection";
import { Column } from "react-virtualized/dist/es/Table";
import { ColumnSizer } from "react-virtualized/dist/es/ColumnSizer";
import { defaultCellRangeRenderer } from "react-virtualized/dist/es/Grid";
import { defaultOverscanIndicesGetter } from "react-virtualized/dist/es/Grid";
import { Grid } from "react-virtualized/dist/es/Grid";
import { InfiniteLoader } from "react-virtualized/dist/es/InfiniteLoader";
import { List } from "react-virtualized/dist/es/List";
import { Masonry } from "react-virtualized/dist/es/Masonry";
import { MultiGrid } from "react-virtualized/dist/es/MultiGrid";
import { ScrollSync } from "react-virtualized/dist/es/ScrollSync";
import { SortDirection } from "react-virtualized/dist/es/Table";
import { SortIndicator } from "react-virtualized/dist/es/Table";
import { Table } from "react-virtualized/dist/es/Table";
import { WindowScroller } from "react-virtualized/dist/es/WindowScroller";
`;
