// Jest Snapshot v1, https://goo.gl/fbAQLP

exports[`Fulfill mappings for: react-router@3.0.5 should fulfill exports for "react-router/es/index" 1`] = `
Object {
  "exports": Object {
    "IndexLink": Object {
      "exported": "IndexLink",
      "local": "default",
      "source": "react-router/es/IndexLink",
    },
    "IndexRedirect": Object {
      "exported": "IndexRedirect",
      "local": "default",
      "source": "react-router/es/IndexRedirect",
    },
    "IndexRoute": Object {
      "exported": "IndexRoute",
      "local": "default",
      "source": "react-router/es/IndexRoute",
    },
    "Link": Object {
      "exported": "Link",
      "local": "default",
      "source": "react-router/es/Link",
    },
    "Redirect": Object {
      "exported": "Redirect",
      "local": "default",
      "source": "react-router/es/Redirect",
    },
    "Route": Object {
      "exported": "Route",
      "local": "default",
      "source": "react-router/es/Route",
    },
    "Router": Object {
      "exported": "Router",
      "local": "default",
      "source": "react-router/es/Router",
    },
    "RouterContext": Object {
      "exported": "RouterContext",
      "local": "default",
      "source": "react-router/es/RouterContext",
    },
    "applyRouterMiddleware": Object {
      "exported": "applyRouterMiddleware",
      "local": "default",
      "source": "react-router/es/applyRouterMiddleware",
    },
    "browserHistory": Object {
      "exported": "browserHistory",
      "local": "default",
      "source": "react-router/es/browserHistory",
    },
    "createMemoryHistory": Object {
      "exported": "createMemoryHistory",
      "local": "default",
      "source": "react-router/es/createMemoryHistory",
    },
    "createRoutes": Object {
      "exported": "createRoutes",
      "local": "createRoutes",
      "source": "react-router/es/RouteUtils",
    },
    "formatPattern": Object {
      "exported": "formatPattern",
      "local": "formatPattern",
      "source": "react-router/es/PatternUtils",
    },
    "hashHistory": Object {
      "exported": "hashHistory",
      "local": "default",
      "source": "react-router/es/hashHistory",
    },
    "locationShape": Object {
      "exported": "locationShape",
      "local": "locationShape",
      "source": "react-router/es/PropTypes",
    },
    "match": Object {
      "exported": "match",
      "local": "default",
      "source": "react-router/es/match",
    },
    "routerShape": Object {
      "exported": "routerShape",
      "local": "routerShape",
      "source": "react-router/es/PropTypes",
    },
    "useRouterHistory": Object {
      "exported": "useRouterHistory",
      "local": "default",
      "source": "react-router/es/useRouterHistory",
    },
    "withRouter": Object {
      "exported": "withRouter",
      "local": "default",
      "source": "react-router/es/withRouter",
    },
  },
  "indexFile": "react-router/es/index",
  "name": "react-router",
}
`;
